# nQubits=3
1.00000000000000, 0.00000000000000
0.00000000000000, 0.00000000000000
0.00000000000000, 0.00000000000000
0.00000000000000, 0.00000000000000
0.00000000000000, 0.00000000000000
0.00000000000000, 0.00000000000000
0.00000000000000, 0.00000000000000
0.00000000000000, 0.00000000000000
