# nQubits=3
0.35355339059327, 0.00000000000000
0.35355339059327, 0.00000000000000
0.35355339059327, 0.00000000000000
0.35355339059327, 0.00000000000000
0.35355339059327, 0.00000000000000
0.35355339059327, 0.00000000000000
0.35355339059327, 0.00000000000000
0.35355339059327, 0.00000000000000
