# nQubits=3, initDebug, qubit=1
0.50000000000000, -0.40000000000000
0.70000000000000, -0.60000000000000
-0.10000000000000, 0.00000000000000
-0.30000000000000, 0.20000000000000
1.30000000000000, -1.20000000000000
1.50000000000000, -1.40000000000000
-0.90000000000000, 0.80000000000000
-1.10000000000000, 1.00000000000000
